###############################################################################
#
# IAR ELF Linker V7.20.5.7591/W32 for ARM                 29/Mar/2021  10:56:26
# Copyright 2007-2014 IAR Systems AB.
#
#    Output file  =  
#        C:\Users\Vetal.IGOR\Desktop\Oled_18\EWARM\Oled_18\Exe\Oled_18.out
#    Map file     =  
#        C:\Users\Vetal.IGOR\Desktop\Oled_18\EWARM\Oled_18/List\Oled_18.map
#    Command line =  
#        C:\Users\Vetal.IGOR\Desktop\Oled_18\EWARM\Oled_18\Obj\arrow_down.o
#        C:\Users\Vetal.IGOR\Desktop\Oled_18\EWARM\Oled_18\Obj\arrow_up.o
#        C:\Users\Vetal.IGOR\Desktop\Oled_18\EWARM\Oled_18\Obj\main.o
#        C:\Users\Vetal.IGOR\Desktop\Oled_18\EWARM\Oled_18\Obj\ssd1306.o
#        C:\Users\Vetal.IGOR\Desktop\Oled_18\EWARM\Oled_18\Obj\ssd1306_font.o
#        C:\Users\Vetal.IGOR\Desktop\Oled_18\EWARM\Oled_18\Obj\startup_stm32f030x6.o
#        C:\Users\Vetal.IGOR\Desktop\Oled_18\EWARM\Oled_18\Obj\stm32f0xx_hal.o
#        C:\Users\Vetal.IGOR\Desktop\Oled_18\EWARM\Oled_18\Obj\stm32f0xx_hal_adc.o
#        C:\Users\Vetal.IGOR\Desktop\Oled_18\EWARM\Oled_18\Obj\stm32f0xx_hal_adc_ex.o
#        C:\Users\Vetal.IGOR\Desktop\Oled_18\EWARM\Oled_18\Obj\stm32f0xx_hal_cortex.o
#        C:\Users\Vetal.IGOR\Desktop\Oled_18\EWARM\Oled_18\Obj\stm32f0xx_hal_dma.o
#        C:\Users\Vetal.IGOR\Desktop\Oled_18\EWARM\Oled_18\Obj\stm32f0xx_hal_exti.o
#        C:\Users\Vetal.IGOR\Desktop\Oled_18\EWARM\Oled_18\Obj\stm32f0xx_hal_flash.o
#        C:\Users\Vetal.IGOR\Desktop\Oled_18\EWARM\Oled_18\Obj\stm32f0xx_hal_flash_ex.o
#        C:\Users\Vetal.IGOR\Desktop\Oled_18\EWARM\Oled_18\Obj\stm32f0xx_hal_gpio.o
#        C:\Users\Vetal.IGOR\Desktop\Oled_18\EWARM\Oled_18\Obj\stm32f0xx_hal_i2c.o
#        C:\Users\Vetal.IGOR\Desktop\Oled_18\EWARM\Oled_18\Obj\stm32f0xx_hal_i2c_ex.o
#        C:\Users\Vetal.IGOR\Desktop\Oled_18\EWARM\Oled_18\Obj\stm32f0xx_hal_iwdg.o
#        C:\Users\Vetal.IGOR\Desktop\Oled_18\EWARM\Oled_18\Obj\stm32f0xx_hal_msp.o
#        C:\Users\Vetal.IGOR\Desktop\Oled_18\EWARM\Oled_18\Obj\stm32f0xx_hal_pwr.o
#        C:\Users\Vetal.IGOR\Desktop\Oled_18\EWARM\Oled_18\Obj\stm32f0xx_hal_pwr_ex.o
#        C:\Users\Vetal.IGOR\Desktop\Oled_18\EWARM\Oled_18\Obj\stm32f0xx_hal_rcc.o
#        C:\Users\Vetal.IGOR\Desktop\Oled_18\EWARM\Oled_18\Obj\stm32f0xx_hal_rcc_ex.o
#        C:\Users\Vetal.IGOR\Desktop\Oled_18\EWARM\Oled_18\Obj\stm32f0xx_hal_tim.o
#        C:\Users\Vetal.IGOR\Desktop\Oled_18\EWARM\Oled_18\Obj\stm32f0xx_hal_tim_ex.o
#        C:\Users\Vetal.IGOR\Desktop\Oled_18\EWARM\Oled_18\Obj\stm32f0xx_it.o
#        C:\Users\Vetal.IGOR\Desktop\Oled_18\EWARM\Oled_18\Obj\system_stm32f0xx.o
#        C:\Users\Vetal.IGOR\Desktop\Oled_18\EWARM\Oled_18\Obj\X.o --redirect
#        _Printf=_PrintfFull --redirect _Scanf=_ScanfFull -o
#        C:\Users\Vetal.IGOR\Desktop\Oled_18\EWARM\Oled_18\Exe\Oled_18.out
#        --map
#        C:\Users\Vetal.IGOR\Desktop\Oled_18\EWARM\Oled_18/List\Oled_18.map
#        --config
#        C:\Users\Vetal.IGOR\Desktop\Oled_18\EWARM/stm32f030x6_flash.icf
#        --semihosting --entry __iar_program_start --vfe
#
###############################################################################

*******************************************************************************
*** RUNTIME MODEL ATTRIBUTES
***

CppFlavor                     = *
__Heap_Handler                = Basic
__SystemLibrary               = DLib
__dlib_dynamic_initialization = normal


*******************************************************************************
*** PLACEMENT SUMMARY
***

"A1":  place at 0x08000000 { ro section .intvec };
"P1":  place in [from 0x08000000 to 0x08007fff] { ro };
"P2":  place in [from 0x20000000 to 0x20000fff] { rw, block CSTACK, block HEAP };

  Section             Kind        Address    Size  Object
  -------             ----        -------    ----  ------
"A1":                                        0xb0
  .intvec             ro code  0x08000000    0xb0  startup_stm32f030x6.o [1]
                             - 0x080000b0    0xb0

"P1":                                      0x478b
  .text               ro code  0x080000b0  0x12c2  xprintffull.o [3]
  .text               ro code  0x08001372    0x1c  xmbtowc.o [3]
  .text               ro code  0x0800138e    0x14  strchr.o [5]
  .text               ro code  0x080013a2    0x10  strlen.o [5]
  .text               ro code  0x080013b2    0x18  memchr.o [5]
  .text               ro code  0x080013ca     0xa  xmbcurmax.o [3]
  .text               ro code  0x080013d4    0xb8  xxmemxmalloc.o [3]
  .text               ro code  0x0800148c    0x18  xwctomb.o [3]
  .text               ro code  0x080014a4    0x5c  ABImemcpy.o [5]
  .text               ro code  0x08001500    0x88  xxmemxfree.o [3]
  .text               ro code  0x08001588    0x6a  I64DivMod.o [5]
  .text               ro code  0x080015f2    0x44  xdnorm.o [4]
  .text               ro code  0x08001636    0x32  DblCmpLe.o [4]
  .text               ro code  0x08001668    0x32  DblCmpGe.o [4]
  .text               ro code  0x0800169a    0x2a  zero_init3.o [5]
  .text               ro code  0x080016c4   0x11c  xdscale.o [4]
  .text               ro code  0x080017e0    0x52  DblToI32.o [4]
  .text               ro code  0x08001832     0xa  xsprout.o [3]
  .text               ro code  0x0800183c    0x34  I32ToDbl.o [4]
  .text               ro code  0x08001870   0x1a8  DblAddSub.o [4]
  .text               ro code  0x08001a18    0xe0  I32DivModFast.o [5]
  .text               ro code  0x08001af8   0x184  DblMul.o [4]
  .text               ro code  0x08001c7c    0xc2  DblDiv.o [4]
  .text               ro code  0x08001d3e     0x2  startup_stm32f030x6.o [1]
  .text               ro code  0x08001d40    0x68  localeconv.o [3]
  .text               ro code  0x08001da8    0x20  div.o [3]
  .text               ro code  0x08001dc8    0x14  setlocale.o [3]
  .text               ro code  0x08001ddc    0x50  xencoding_sb.o [3]
  .text               ro code  0x08001e2c    0x2c  xgetmemchunk.o [3]
  .text               ro code  0x08001e58     0x2  I64DivZer.o [5]
  .text               ro code  0x08001e5a     0x2  startup_stm32f030x6.o [1]
  .text               ro code  0x08001e5c     0x2  IntDivZer.o [5]
  .text               ro code  0x08001e5e     0x2  xtls.o [3]
  .rodata             const    0x08001e60   0xbf4  ssd1306_font.o [1]
  .text               ro code  0x08002a54   0x6f8  stm32f0xx_hal_rcc.o [1]
  .text               ro code  0x0800314c    0xa8  stm32f0xx_hal.o [1]
  .text               ro code  0x080031f4    0xc0  stm32f0xx_hal_msp.o [1]
  .text               ro code  0x080032b4    0xdc  stm32f0xx_hal_cortex.o [1]
  .text               ro code  0x08003390    0x34  ABImemset.o [5]
  .text               ro code  0x080033c4   0x1f0  stm32f0xx_hal_gpio.o [1]
  .text               ro code  0x080035b4   0x4e0  stm32f0xx_hal_i2c.o [1]
  .text               ro code  0x08003a94   0x490  ssd1306.o [1]
  .rodata             const    0x08003f24   0x240  X.o [1]
  .text               ro code  0x08004164   0x230  main.o [1]
  .text               ro code  0x08004394   0x140  stm32f0xx_hal_rcc_ex.o [1]
  .text               ro code  0x080044d4    0xd0  stm32f0xx_hal_i2c_ex.o [1]
  .text               ro code  0x080045a4    0x38  sprintf.o [3]
  .text               ro code  0x080045dc    0xd8  packbits_init.o [5]
  .text               ro code  0x080046b4     0xa  abort.o [3]
  .text               ro code  0x080046be     0x2  startup_stm32f030x6.o [1]
  .text               ro code  0x080046c0    0x14  exit.o [6]
  .rodata             const    0x080046d4    0x28  xprintffull.o [3]
  .text               ro code  0x080046fc    0x28  data_init.o [5]
  .iar.init_table     const    0x08004724    0x2c  - Linker created -
  .rodata             const    0x08004750    0x1c  arrow_up.o [1]
  .text               ro code  0x0800476c    0x1a  cmain.o [5]
  .text               ro code  0x08004786     0x4  low_level_init.o [3]
  .text               ro code  0x0800478a     0x8  exit.o [3]
  .text               ro code  0x08004792     0x2  startup_stm32f030x6.o [1]
  .text               ro code  0x08004794     0xa  cexit.o [5]
  .text               ro code  0x0800479e    0x14  stm32f0xx_it.o [1]
  .text               ro code  0x080047b2     0x2  startup_stm32f030x6.o [1]
  .rodata             const    0x080047b4    0x10  stm32f0xx_hal_rcc.o [1]
  .rodata             const    0x080047c4    0x10  stm32f0xx_hal_rcc.o [1]
  .rodata             const    0x080047d4    0x10  system_stm32f0xx.o [1]
  .text               ro code  0x080047e4    0x10  startup_stm32f030x6.o [1]
  .text               ro code  0x080047f4     0xc  cstartup_M.o [5]
  .text               ro code  0x08004800     0x2  startup_stm32f030x6.o [1]
  .text               ro code  0x08004802     0x2  startup_stm32f030x6.o [1]
  .text               ro code  0x08004804     0x2  startup_stm32f030x6.o [1]
  .text               ro code  0x08004806     0x2  startup_stm32f030x6.o [1]
  .text               ro code  0x08004808     0x2  startup_stm32f030x6.o [1]
  .text               ro code  0x0800480a     0x2  startup_stm32f030x6.o [1]
  .text               ro code  0x0800480c     0x2  startup_stm32f030x6.o [1]
  .text               ro code  0x0800480e     0x2  startup_stm32f030x6.o [1]
  .text               ro code  0x08004810     0x2  startup_stm32f030x6.o [1]
  .text               ro code  0x08004812     0x2  startup_stm32f030x6.o [1]
  .text               ro code  0x08004814     0x2  startup_stm32f030x6.o [1]
  .text               ro code  0x08004816     0x2  startup_stm32f030x6.o [1]
  .text               ro code  0x08004818     0x2  startup_stm32f030x6.o [1]
  .text               ro code  0x0800481a     0x2  startup_stm32f030x6.o [1]
  .text               ro code  0x0800481c     0x2  system_stm32f0xx.o [1]
  .rodata             const    0x0800481e     0x0  zero_init3.o [5]
  .rodata             const    0x0800481e     0x0  packbits_init.o [5]
  Initializer bytes   ro data  0x0800481e    0x1d  <for P2 s0>
                             - 0x0800483b  0x478b

"P2":                                       0xb78
  P2 s0                        0x20000000   0x10d  <Init block>
    __DLIB_PERTHREAD  inited   0x20000000    0x88  localeconv.o [3]
    __DLIB_PERTHREAD  inited   0x20000088    0x74  setlocale.o [3]
    .data             inited   0x200000fc     0x8  ssd1306_font.o [1]
    .data             inited   0x20000104     0x4  stm32f0xx_hal.o [1]
    .data             inited   0x20000108     0x4  system_stm32f0xx.o [1]
    .data             inited   0x2000010c     0x1  stm32f0xx_hal.o [1]
  .bss                zero     0x20000110   0x400  ssd1306.o [1]
  .bss                zero     0x20000510    0x4c  main.o [1]
  .bss                zero     0x2000055c     0x8  ssd1306.o [1]
  .bss                zero     0x20000564     0x8  xxmemxmalloc.o [3]
  .bss                zero     0x2000056c     0x4  stm32f0xx_hal.o [1]
  .bss                zero     0x20000570     0x4  xgetmemchunk.o [3]
  CSTACK                       0x20000578   0x400  <Block>
    CSTACK            uninit   0x20000578   0x400  <Block tail>
  HEAP                         0x20000978   0x200  <Block>
    HEAP              uninit   0x20000978   0x200  <Block tail>
                             - 0x20000b78   0xb78


*******************************************************************************
*** INIT TABLE
***

          Address     Size
          -------     ----
Zero (__iar_zero_init3)
    1 destination range, total size 0x464:
          0x20000110  0x464

Copy/packbits (__iar_packbits_init3)
    1 source range, total size 0x1d (10% of destination):
          0x0800481e   0x1d
    1 destination range, total size 0x10d:
          0x20000000  0x10d



*******************************************************************************
*** MODULE SUMMARY
***

    Module                  ro code  ro data  rw data
    ------                  -------  -------  -------
C:\Users\Vetal.IGOR\Desktop\Oled_18\EWARM\Oled_18\Obj: [1]
    X.o                                  576
    arrow_up.o                            28
    main.o                      560                76
    ssd1306.o                 1 168             1 032
    ssd1306_font.o                     3 061        8
    startup_stm32f030x6.o       230
    stm32f0xx_hal.o             168        1        9
    stm32f0xx_hal_cortex.o      220
    stm32f0xx_hal_gpio.o        496
    stm32f0xx_hal_i2c.o       1 248
    stm32f0xx_hal_i2c_ex.o      208
    stm32f0xx_hal_msp.o         192
    stm32f0xx_hal_rcc.o       1 784       32
    stm32f0xx_hal_rcc_ex.o      320
    stm32f0xx_it.o               20
    system_stm32f0xx.o            2       16        4
    -------------------------------------------------
    Total:                    6 616    3 714    1 129

command line: [2]
    -------------------------------------------------
    Total:

dl6M_tlf.a: [3]
    abort.o                      10
    div.o                        32
    exit.o                        8
    localeconv.o                104       14      136
    low_level_init.o              4
    setlocale.o                  20       13      116
    sprintf.o                    56
    xencoding_sb.o               80
    xgetmemchunk.o               44                 4
    xmbcurmax.o                  10
    xmbtowc.o                    28
    xprintffull.o             4 802       40
    xsprout.o                    10
    xtls.o                        2
    xwctomb.o                    24
    xxmemxfree.o                136
    xxmemxmalloc.o              184                 8
    -------------------------------------------------
    Total:                    5 554       67      264

m6M_tl.a: [4]
    DblAddSub.o                 424
    DblCmpGe.o                   50
    DblCmpLe.o                   50
    DblDiv.o                    194
    DblMul.o                    388
    DblToI32.o                   82
    I32ToDbl.o                   52
    xdnorm.o                     68
    xdscale.o                   284
    -------------------------------------------------
    Total:                    1 592

rt6M_tl.a: [5]
    ABImemcpy.o                  92
    ABImemset.o                  52
    I32DivModFast.o             224
    I64DivMod.o                 106
    I64DivZer.o                   2
    IntDivZer.o                   2
    cexit.o                      10
    cmain.o                      26
    cstartup_M.o                 12
    data_init.o                  40
    memchr.o                     24
    packbits_init.o             216
    strchr.o                     20
    strlen.o                     16
    zero_init3.o                 42
    -------------------------------------------------
    Total:                      884

shb_l.a: [6]
    exit.o                       20
    -------------------------------------------------
    Total:                       20

    Gaps                                            3
    Linker created                        44    1 536
-----------------------------------------------------
    Grand Total:             14 666    3 825    2 932


*******************************************************************************
*** ENTRY LIST
***

Entry                      Address   Size  Type      Object
-----                      -------   ----  ----      ------
?main                   0x0800476d         Code  Gb  cmain.o [5]
AHBPrescTable           0x080047d4   0x10  Data  Gb  system_stm32f0xx.o [1]
CSTACK$$Base            0x20000578          --   Gb  - Linker created -
CSTACK$$Limit           0x20000978          --   Gb  - Linker created -
Error_Handler           0x080042e7    0x2  Code  Gb  main.o [1]
Font30x45               0x08001e60  0xbf4  Data  Gb  ssd1306_font.o [1]
Font_30x45              0x200000fc    0x8  Data  Gb  ssd1306_font.o [1]
HAL_Delay               0x080031c1   0x20  Code  Wk  stm32f0xx_hal.o [1]
HAL_GPIO_Init           0x080033c5  0x1cc  Code  Gb  stm32f0xx_hal_gpio.o [1]
HAL_GetTick             0x080031bb    0x6  Code  Wk  stm32f0xx_hal.o [1]
HAL_I2CEx_ConfigAnalogFilter
                        0x080044d5   0x64  Code  Gb  stm32f0xx_hal_i2c_ex.o [1]
HAL_I2CEx_ConfigDigitalFilter
                        0x08004539   0x62  Code  Gb  stm32f0xx_hal_i2c_ex.o [1]
HAL_I2C_Init            0x080035b5   0xcc  Code  Gb  stm32f0xx_hal_i2c.o [1]
HAL_I2C_Mem_Write       0x0800368d  0x1a2  Code  Gb  stm32f0xx_hal_i2c.o [1]
HAL_I2C_MspInit         0x08003231   0x72  Code  Gb  stm32f0xx_hal_msp.o [1]
HAL_IncTick             0x080031ab   0x10  Code  Wk  stm32f0xx_hal.o [1]
HAL_Init                0x0800314d   0x1c  Code  Gb  stm32f0xx_hal.o [1]
HAL_InitTick            0x08003169   0x42  Code  Wk  stm32f0xx_hal.o [1]
HAL_MspInit             0x080031f5   0x3c  Code  Gb  stm32f0xx_hal_msp.o [1]
HAL_NVIC_SetPriority    0x0800336b    0xa  Code  Gb  stm32f0xx_hal_cortex.o [1]
HAL_RCCEx_PeriphCLKConfig
                        0x08004395  0x11e  Code  Gb  stm32f0xx_hal_rcc_ex.o [1]
HAL_RCC_ClockConfig     0x08002f61  0x138  Code  Gb  stm32f0xx_hal_rcc.o [1]
HAL_RCC_GetSysClockFreq
                        0x080030a9   0x76  Code  Gb  stm32f0xx_hal_rcc.o [1]
HAL_RCC_OscConfig       0x08002a55  0x4f2  Code  Gb  stm32f0xx_hal_rcc.o [1]
HAL_SYSTICK_Config      0x08003375    0x8  Code  Gb  stm32f0xx_hal_cortex.o [1]
HEAP$$Base              0x20000978          --   Gb  - Linker created -
HEAP$$Limit             0x20000b78          --   Gb  - Linker created -
HardFault_Handler       0x080047a1    0x4  Code  Gb  stm32f0xx_it.o [1]
I2C_Flush_TXDR          0x080038b5   0x26  Code  Lc  stm32f0xx_hal_i2c.o [1]
I2C_IsAcknowledgeFailed
                        0x080039d9   0x88  Code  Lc  stm32f0xx_hal_i2c.o [1]
I2C_RequestMemoryWrite  0x08003835   0x7c  Code  Lc  stm32f0xx_hal_i2c.o [1]
I2C_TransferConfig      0x08003a61   0x2c  Code  Lc  stm32f0xx_hal_i2c.o [1]
I2C_WaitOnFlagUntilTimeout
                        0x080038db   0x56  Code  Lc  stm32f0xx_hal_i2c.o [1]
I2C_WaitOnSTOPFlagUntilTimeout
                        0x08003987   0x52  Code  Lc  stm32f0xx_hal_i2c.o [1]
I2C_WaitOnTXISFlagUntilTimeout
                        0x08003931   0x56  Code  Lc  stm32f0xx_hal_i2c.o [1]
InStream_Read           0x080045dd   0x22  Code  Lc  packbits_init.o [5]
LoadInt                 0x08000711   0x68  Code  Lc  xprintffull.o [3]
MX_I2C1_Init            0x0800427f   0x68  Code  Lc  main.o [1]
NMI_Handler             0x0800479f    0x2  Code  Gb  stm32f0xx_it.o [1]
Out_number_center       0x080042e9   0x8e  Code  Gb  main.o [1]
PendSV_Handler          0x080047a7    0x2  Code  Gb  stm32f0xx_it.o [1]
Region$$Table$$Base     0x08004724          --   Gb  - Linker created -
Region$$Table$$Limit    0x08004750          --   Gb  - Linker created -
SSD1306                 0x2000055c    0x8  Data  Lc  ssd1306.o [1]
SSD1306_Buffer          0x20000110  0x400  Data  Gb  ssd1306.o [1]
SSD1306_Putc_Hight      0x08003d65   0xc6  Code  Gb  ssd1306.o [1]
SVC_Handler             0x080047a5    0x2  Code  Gb  stm32f0xx_it.o [1]
SysTick_Config          0x0800333b   0x30  Code  Lc  stm32f0xx_hal_cortex.o [1]
SysTick_Handler         0x080047a9    0x8  Code  Gb  stm32f0xx_it.o [1]
SystemClock_Config      0x080041fd   0x82  Code  Gb  main.o [1]
SystemCoreClock         0x20000108    0x4  Data  Gb  system_stm32f0xx.o [1]
SystemInit              0x0800481d    0x2  Code  Gb  system_stm32f0xx.o [1]
TIM1_BRK_UP_TRG_COM_IRQHandler
                        0x080047b1    0x2  Code  Gb  stm32f0xx_it.o [1]
_EncodingSb_Mbtowc      0x08001df1   0x2c  Code  Gb  xencoding_sb.o [3]
_EncodingSb_Wctomb      0x08001ddd   0x14  Code  Gb  xencoding_sb.o [3]
_GenldFull              0x08001069  0x2d6  Code  Lc  xprintffull.o [3]
_IsdstStr               0x2000008c    0x4  Data  Gb  setlocale.o [3]
_LdtobFull              0x08000be1  0x474  Code  Lc  xprintffull.o [3]
_LitobFull              0x08000aad  0x12e  Code  Lc  xprintffull.o [3]
_LocaleEncoding         0x08001dc9    0xc  Code  Gb  setlocale.o [3]
_LocaleReturnString     0x200000ac   0x50  Data  Lc  setlocale.o [3]
_Locale_Profile         0x20000090   0x1c  Data  Gb  setlocale.o [3]
_Locale_aeabi_lconv     0x20000050   0x38  Data  Gb  localeconv.o [3]
_Locale_lconv           0x20000000   0x50  Data  Gb  localeconv.o [3]
_Mbtowc                 0x08001373   0x1c  Code  Gb  xmbtowc.o [3]
_PrintfFull             0x080000b1  0x660  Code  Gb  xprintffull.o [3]
_PutcharsFull           0x08001343   0x30  Code  Lc  xprintffull.o [3]
_PutstrFull             0x08000779  0x334  Code  Lc  xprintffull.o [3]
_SProut                 0x08001833    0xa  Code  Gb  xsprout.o [3]
_TzoneStr               0x20000088    0x4  Data  Gb  setlocale.o [3]
_Wctomb                 0x0800148d   0x18  Code  Gb  xwctomb.o [3]
__ICFEDIT_region_RAM_end__ {Abs}
                        0x20000fff          --   Gb  command line/config [2]
__ICFEDIT_region_RAM_start__ {Abs}
                        0x20000000          --   Gb  command line/config [2]
__NVIC_SetPriority      0x080032b5   0x86  Code  Lc  stm32f0xx_hal_cortex.o [1]
__aeabi_cdcmple         0x08001637         Code  Gb  DblCmpLe.o [4]
__aeabi_cdrcmple        0x08001669         Code  Gb  DblCmpGe.o [4]
__aeabi_d2iz            0x080017e1         Code  Gb  DblToI32.o [4]
__aeabi_d2uiz           0x08001805         Code  Gb  DblToI32.o [4]
__aeabi_ddiv            0x08001c7d         Code  Gb  DblDiv.o [4]
__aeabi_dmul            0x08001af9         Code  Gb  DblMul.o [4]
__aeabi_dsub            0x0800192b         Code  Gb  DblAddSub.o [4]
__aeabi_i2d             0x0800183d         Code  Gb  I32ToDbl.o [4]
__aeabi_idiv            0x08001a45         Code  Gb  I32DivModFast.o [5]
__aeabi_idiv0           0x08001e5d         Code  Gb  IntDivZer.o [5]
__aeabi_idivmod         0x08001a45         Code  Gb  I32DivModFast.o [5]
__aeabi_ldiv0           0x08001e59         Code  Gb  I64DivZer.o [5]
__aeabi_memclr4         0x080033c1         Code  Gb  ABImemset.o [5]
__aeabi_memclr8         0x080033c1         Code  Gb  ABImemset.o [5]
__aeabi_memcpy          0x080014a5         Code  Gb  ABImemcpy.o [5]
__aeabi_memcpy4         0x080014cd         Code  Wk  ABImemcpy.o [5]
__aeabi_ui2d            0x08001851         Code  Gb  I32ToDbl.o [4]
__aeabi_uidiv           0x08001a4b         Code  Gb  I32DivModFast.o [5]
__aeabi_uidivmod        0x08001a4b         Code  Gb  I32DivModFast.o [5]
__aeabi_uldivmod        0x08001589         Code  Gb  I64DivMod.o [5]
__as_entries_start      0xffffffff          --   Gb  command line/config [2]
__as_table_start        0xffffffff          --   Gb  command line/config [2]
__cmain                 0x0800476d         Code  Gb  cmain.o [5]
__data_Aldata           0x20000564    0x8  Data  Gb  xxmemxmalloc.o [3]
__data_GetMemChunk      0x08001e2d   0x2c  Code  Gb  xgetmemchunk.o [3]
__exit                  0x080046c1   0x14  Code  Gb  exit.o [6]
__iar_Dnorm             0x080015f3   0x44  Code  Gb  xdnorm.o [4]
__iar_Dscale            0x080016c5  0x11c  Code  Gb  xdscale.o [4]
__iar_Locale_lconv_init
                        0x08001d41   0x32  Code  Gb  localeconv.o [3]
__iar_Mbcurmax          0x080013cb    0xa  Code  Gb  xmbcurmax.o [3]
__iar_Memchr            0x080013b3   0x18  Code  Gb  memchr.o [5]
__iar_Memset4_word      0x08003391         Code  Gb  ABImemset.o [5]
__iar_Strchr            0x0800138f   0x14  Code  Gb  strchr.o [5]
__iar_d2uiz             0x08001809         Code  Gb  DblToI32.o [4]
__iar_data_init3        0x080046fd   0x28  Code  Gb  data_init.o [5]
__iar_dlib_perthread_access
                        0x08001e5f    0x2  Code  Gb  xtls.o [3]
__iar_packbits_init3    0x080045ff   0xb6  Code  Gb  packbits_init.o [5]
__iar_program_start     0x080047f5         Code  Gb  cstartup_M.o [5]
__iar_ui2d              0x08001855         Code  Gb  I32ToDbl.o [4]
__iar_zero_init3        0x0800169b   0x2a  Code  Gb  zero_init3.o [5]
__low_level_init        0x08004787    0x4  Code  Gb  low_level_init.o [3]
__vector_table          0x08000000         Data  Gb  startup_stm32f030x6.o [1]
_call_main              0x08004779         Code  Gb  cmain.o [5]
_exit                   0x08004795         Code  Gb  cexit.o [5]
_main                   0x08004783         Code  Gb  cmain.o [5]
abort                   0x080046b5    0xa  Code  Gb  abort.o [3]
div                     0x08001da9   0x20  Code  Gb  div.o [3]
drawBitmap              0x08003e71   0x78  Code  Gb  ssd1306.o [1]
exit                    0x0800478b    0x8  Code  Gb  exit.o [3]
fill_region             0x08003cf5   0x6c  Code  Gb  ssd1306.o [1]
free                    0x08001501   0x82  Code  Gb  xxmemxfree.o [3]
hi2c1                   0x20000510   0x4c  Data  Gb  main.o [1]
image_data_X            0x08003f24  0x240  Data  Gb  X.o [1]
image_data_arrow_up     0x08004750   0x1c  Data  Gb  arrow_up.o [1]
localeconv              0x08001d73   0x18  Code  Gb  localeconv.o [3]
main                    0x08004165   0x98  Code  Gb  main.o [1]
malloc                  0x080013d5   0xb2  Code  Gb  xxmemxmalloc.o [3]
sprintf                 0x080045a5   0x38  Code  Gb  sprintf.o [3]
ssd1306_DrawPixel       0x08003c37   0xb2  Code  Gb  ssd1306.o [1]
ssd1306_Fill            0x08003bb9   0x26  Code  Gb  ssd1306.o [1]
ssd1306_Init            0x08003ae5   0xd4  Code  Gb  ssd1306.o [1]
ssd1306_Reset           0x08003a95    0x2  Code  Gb  ssd1306.o [1]
ssd1306_SetContrast     0x08003ee9   0x16  Code  Gb  ssd1306.o [1]
ssd1306_SetCursor       0x08003e5d    0xe  Code  Gb  ssd1306.o [1]
ssd1306_SetDisplayOn    0x08003eff   0x22  Code  Gb  ssd1306.o [1]
ssd1306_UpdateScreen    0x08003bdf   0x58  Code  Gb  ssd1306.o [1]
ssd1306_WriteCommand    0x08003a97   0x2a  Code  Gb  ssd1306.o [1]
ssd1306_WriteData       0x08003ac1   0x24  Code  Gb  ssd1306.o [1]
ssd1306_WriteStringHight
                        0x08003e2b   0x32  Code  Gb  ssd1306.o [1]
strlen                  0x080013a3   0x10  Code  Gb  strlen.o [5]
uwTick                  0x2000056c    0x4  Data  Gb  stm32f0xx_hal.o [1]
uwTickFreq              0x2000010c    0x1  Data  Gb  stm32f0xx_hal.o [1]
uwTickPrio              0x20000104    0x4  Data  Gb  stm32f0xx_hal.o [1]


[1] = C:\Users\Vetal.IGOR\Desktop\Oled_18\EWARM\Oled_18\Obj
[2] = command line
[3] = dl6M_tlf.a
[4] = m6M_tl.a
[5] = rt6M_tl.a
[6] = shb_l.a

  14 666 bytes of readonly  code memory
   3 825 bytes of readonly  data memory
   2 932 bytes of readwrite data memory

Errors: none
Warnings: none
